Archive member included to satisfy reference by file (symbol)

c:/st/stm32cubeide_1.7.0/stm32cubeide/plugins/com.st.stm32cube.ide.mcu.externaltools.gnu-tools-for-stm32.9-2020-q2-update.win32_2.0.0.202105311346/tools/bin/../lib/gcc/arm-none-eabi/9.3.1/../../../../arm-none-eabi/lib/thumb/v7e-m+fp/hard\libc_nano.a(lib_a-exit.o)
                              c:/st/stm32cubeide_1.7.0/stm32cubeide/plugins/com.st.stm32cube.ide.mcu.externaltools.gnu-tools-for-stm32.9-2020-q2-update.win32_2.0.0.202105311346/tools/bin/../lib/gcc/arm-none-eabi/9.3.1/../../../../arm-none-eabi/lib/thumb/v7e-m+fp/hard/crt0.o (exit)
c:/st/stm32cubeide_1.7.0/stm32cubeide/plugins/com.st.stm32cube.ide.mcu.externaltools.gnu-tools-for-stm32.9-2020-q2-update.win32_2.0.0.202105311346/tools/bin/../lib/gcc/arm-none-eabi/9.3.1/../../../../arm-none-eabi/lib/thumb/v7e-m+fp/hard\libc_nano.a(lib_a-impure.o)
                              c:/st/stm32cubeide_1.7.0/stm32cubeide/plugins/com.st.stm32cube.ide.mcu.externaltools.gnu-tools-for-stm32.9-2020-q2-update.win32_2.0.0.202105311346/tools/bin/../lib/gcc/arm-none-eabi/9.3.1/../../../../arm-none-eabi/lib/thumb/v7e-m+fp/hard\libc_nano.a(lib_a-exit.o) (_global_impure_ptr)
c:/st/stm32cubeide_1.7.0/stm32cubeide/plugins/com.st.stm32cube.ide.mcu.externaltools.gnu-tools-for-stm32.9-2020-q2-update.win32_2.0.0.202105311346/tools/bin/../lib/gcc/arm-none-eabi/9.3.1/../../../../arm-none-eabi/lib/thumb/v7e-m+fp/hard\libc_nano.a(lib_a-init.o)
                              c:/st/stm32cubeide_1.7.0/stm32cubeide/plugins/com.st.stm32cube.ide.mcu.externaltools.gnu-tools-for-stm32.9-2020-q2-update.win32_2.0.0.202105311346/tools/bin/../lib/gcc/arm-none-eabi/9.3.1/../../../../arm-none-eabi/lib/thumb/v7e-m+fp/hard/crt0.o (__libc_init_array)
c:/st/stm32cubeide_1.7.0/stm32cubeide/plugins/com.st.stm32cube.ide.mcu.externaltools.gnu-tools-for-stm32.9-2020-q2-update.win32_2.0.0.202105311346/tools/bin/../lib/gcc/arm-none-eabi/9.3.1/../../../../arm-none-eabi/lib/thumb/v7e-m+fp/hard\libc_nano.a(lib_a-memset.o)
                              c:/st/stm32cubeide_1.7.0/stm32cubeide/plugins/com.st.stm32cube.ide.mcu.externaltools.gnu-tools-for-stm32.9-2020-q2-update.win32_2.0.0.202105311346/tools/bin/../lib/gcc/arm-none-eabi/9.3.1/../../../../arm-none-eabi/lib/thumb/v7e-m+fp/hard/crt0.o (memset)
c:/st/stm32cubeide_1.7.0/stm32cubeide/plugins/com.st.stm32cube.ide.mcu.externaltools.gnu-tools-for-stm32.9-2020-q2-update.win32_2.0.0.202105311346/tools/bin/../lib/gcc/arm-none-eabi/9.3.1/../../../../arm-none-eabi/lib/thumb/v7e-m+fp/hard\libnosys.a(_exit.o)
                              c:/st/stm32cubeide_1.7.0/stm32cubeide/plugins/com.st.stm32cube.ide.mcu.externaltools.gnu-tools-for-stm32.9-2020-q2-update.win32_2.0.0.202105311346/tools/bin/../lib/gcc/arm-none-eabi/9.3.1/../../../../arm-none-eabi/lib/thumb/v7e-m+fp/hard\libc_nano.a(lib_a-exit.o) (_exit)

Discarded input sections

 .text          0x0000000000000000        0x0 c:/st/stm32cubeide_1.7.0/stm32cubeide/plugins/com.st.stm32cube.ide.mcu.externaltools.gnu-tools-for-stm32.9-2020-q2-update.win32_2.0.0.202105311346/tools/bin/../lib/gcc/arm-none-eabi/9.3.1/thumb/v7e-m+fp/hard/crti.o
 .data          0x0000000000000000        0x0 c:/st/stm32cubeide_1.7.0/stm32cubeide/plugins/com.st.stm32cube.ide.mcu.externaltools.gnu-tools-for-stm32.9-2020-q2-update.win32_2.0.0.202105311346/tools/bin/../lib/gcc/arm-none-eabi/9.3.1/thumb/v7e-m+fp/hard/crti.o
 .bss           0x0000000000000000        0x0 c:/st/stm32cubeide_1.7.0/stm32cubeide/plugins/com.st.stm32cube.ide.mcu.externaltools.gnu-tools-for-stm32.9-2020-q2-update.win32_2.0.0.202105311346/tools/bin/../lib/gcc/arm-none-eabi/9.3.1/thumb/v7e-m+fp/hard/crti.o
 .data          0x0000000000000000        0x4 c:/st/stm32cubeide_1.7.0/stm32cubeide/plugins/com.st.stm32cube.ide.mcu.externaltools.gnu-tools-for-stm32.9-2020-q2-update.win32_2.0.0.202105311346/tools/bin/../lib/gcc/arm-none-eabi/9.3.1/thumb/v7e-m+fp/hard/crtbegin.o
 .text          0x0000000000000000       0x7c c:/st/stm32cubeide_1.7.0/stm32cubeide/plugins/com.st.stm32cube.ide.mcu.externaltools.gnu-tools-for-stm32.9-2020-q2-update.win32_2.0.0.202105311346/tools/bin/../lib/gcc/arm-none-eabi/9.3.1/../../../../arm-none-eabi/lib/thumb/v7e-m+fp/hard/crt0.o
 .data          0x0000000000000000        0x0 c:/st/stm32cubeide_1.7.0/stm32cubeide/plugins/com.st.stm32cube.ide.mcu.externaltools.gnu-tools-for-stm32.9-2020-q2-update.win32_2.0.0.202105311346/tools/bin/../lib/gcc/arm-none-eabi/9.3.1/../../../../arm-none-eabi/lib/thumb/v7e-m+fp/hard/crt0.o
 .bss           0x0000000000000000        0x0 c:/st/stm32cubeide_1.7.0/stm32cubeide/plugins/com.st.stm32cube.ide.mcu.externaltools.gnu-tools-for-stm32.9-2020-q2-update.win32_2.0.0.202105311346/tools/bin/../lib/gcc/arm-none-eabi/9.3.1/../../../../arm-none-eabi/lib/thumb/v7e-m+fp/hard/crt0.o
 .ARM.extab     0x0000000000000000        0x0 c:/st/stm32cubeide_1.7.0/stm32cubeide/plugins/com.st.stm32cube.ide.mcu.externaltools.gnu-tools-for-stm32.9-2020-q2-update.win32_2.0.0.202105311346/tools/bin/../lib/gcc/arm-none-eabi/9.3.1/../../../../arm-none-eabi/lib/thumb/v7e-m+fp/hard/crt0.o
 .ARM.exidx     0x0000000000000000       0x10 c:/st/stm32cubeide_1.7.0/stm32cubeide/plugins/com.st.stm32cube.ide.mcu.externaltools.gnu-tools-for-stm32.9-2020-q2-update.win32_2.0.0.202105311346/tools/bin/../lib/gcc/arm-none-eabi/9.3.1/../../../../arm-none-eabi/lib/thumb/v7e-m+fp/hard/crt0.o
 .ARM.attributes
                0x0000000000000000       0x1c c:/st/stm32cubeide_1.7.0/stm32cubeide/plugins/com.st.stm32cube.ide.mcu.externaltools.gnu-tools-for-stm32.9-2020-q2-update.win32_2.0.0.202105311346/tools/bin/../lib/gcc/arm-none-eabi/9.3.1/../../../../arm-none-eabi/lib/thumb/v7e-m+fp/hard/crt0.o
 .group         0x0000000000000000        0xc ./Core/Src/main.o
 .group         0x0000000000000000        0xc ./Core/Src/main.o
 .group         0x0000000000000000        0xc ./Core/Src/main.o
 .group         0x0000000000000000        0xc ./Core/Src/main.o
 .group         0x0000000000000000        0xc ./Core/Src/main.o
 .group         0x0000000000000000        0xc ./Core/Src/main.o
 .group         0x0000000000000000        0xc ./Core/Src/main.o
 .group         0x0000000000000000        0xc ./Core/Src/main.o
 .group         0x0000000000000000        0xc ./Core/Src/main.o
 .group         0x0000000000000000        0xc ./Core/Src/main.o
 .group         0x0000000000000000        0xc ./Core/Src/main.o
 .group         0x0000000000000000        0xc ./Core/Src/main.o
 .group         0x0000000000000000        0xc ./Core/Src/main.o
 .group         0x0000000000000000        0xc ./Core/Src/main.o
 .group         0x0000000000000000        0xc ./Core/Src/main.o
 .group         0x0000000000000000        0xc ./Core/Src/main.o
 .text          0x0000000000000000        0x0 ./Core/Src/main.o
 .data          0x0000000000000000        0x0 ./Core/Src/main.o
 .bss           0x0000000000000000        0x0 ./Core/Src/main.o
 .group         0x0000000000000000        0xc ./Core/Src/system_stm32f4xx.o
 .group         0x0000000000000000        0xc ./Core/Src/system_stm32f4xx.o
 .group         0x0000000000000000        0xc ./Core/Src/system_stm32f4xx.o
 .group         0x0000000000000000        0xc ./Core/Src/system_stm32f4xx.o
 .group         0x0000000000000000        0xc ./Core/Src/system_stm32f4xx.o
 .group         0x0000000000000000        0xc ./Core/Src/system_stm32f4xx.o
 .group         0x0000000000000000        0xc ./Core/Src/system_stm32f4xx.o
 .group         0x0000000000000000        0xc ./Core/Src/system_stm32f4xx.o
 .group         0x0000000000000000        0xc ./Core/Src/system_stm32f4xx.o
 .group         0x0000000000000000        0xc ./Core/Src/system_stm32f4xx.o
 .group         0x0000000000000000        0xc ./Core/Src/system_stm32f4xx.o
 .group         0x0000000000000000        0xc ./Core/Src/system_stm32f4xx.o
 .group         0x0000000000000000        0xc ./Core/Src/system_stm32f4xx.o
 .group         0x0000000000000000        0xc ./Core/Src/system_stm32f4xx.o
 .group         0x0000000000000000        0xc ./Core/Src/system_stm32f4xx.o
 .group         0x0000000000000000        0xc ./Core/Src/system_stm32f4xx.o
 .text          0x0000000000000000        0x0 ./Core/Src/system_stm32f4xx.o
 .data          0x0000000000000000        0x0 ./Core/Src/system_stm32f4xx.o
 .bss           0x0000000000000000        0x0 ./Core/Src/system_stm32f4xx.o
 .data.SystemCoreClock
                0x0000000000000000        0x4 ./Core/Src/system_stm32f4xx.o
 .rodata.AHBPrescTable
                0x0000000000000000       0x10 ./Core/Src/system_stm32f4xx.o
 .rodata.APBPrescTable
                0x0000000000000000        0x8 ./Core/Src/system_stm32f4xx.o
 .text.SystemCoreClockUpdate
                0x0000000000000000      0x100 ./Core/Src/system_stm32f4xx.o
 .debug_macro   0x0000000000000000      0xaa8 ./Core/Src/system_stm32f4xx.o
 .debug_macro   0x0000000000000000       0x28 ./Core/Src/system_stm32f4xx.o
 .debug_macro   0x0000000000000000       0x22 ./Core/Src/system_stm32f4xx.o
 .debug_macro   0x0000000000000000       0x8e ./Core/Src/system_stm32f4xx.o
 .debug_macro   0x0000000000000000       0x51 ./Core/Src/system_stm32f4xx.o
 .debug_macro   0x0000000000000000      0x103 ./Core/Src/system_stm32f4xx.o
 .debug_macro   0x0000000000000000       0x6a ./Core/Src/system_stm32f4xx.o
 .debug_macro   0x0000000000000000      0x1df ./Core/Src/system_stm32f4xx.o
 .debug_macro   0x0000000000000000       0x1c ./Core/Src/system_stm32f4xx.o
 .debug_macro   0x0000000000000000       0x22 ./Core/Src/system_stm32f4xx.o
 .debug_macro   0x0000000000000000       0xdf ./Core/Src/system_stm32f4xx.o
 .debug_macro   0x0000000000000000     0x102d ./Core/Src/system_stm32f4xx.o
 .debug_macro   0x0000000000000000      0x11f ./Core/Src/system_stm32f4xx.o
 .debug_macro   0x0000000000000000     0xb86c ./Core/Src/system_stm32f4xx.o
 .text          0x0000000000000000       0x14 ./Core/Startup/startup_stm32f401ccfx.o
 .data          0x0000000000000000        0x0 ./Core/Startup/startup_stm32f401ccfx.o
 .bss           0x0000000000000000        0x0 ./Core/Startup/startup_stm32f401ccfx.o
 .group         0x0000000000000000        0xc ./GPIO/GPIO.o
 .group         0x0000000000000000        0xc ./GPIO/GPIO.o
 .group         0x0000000000000000        0xc ./GPIO/GPIO.o
 .group         0x0000000000000000        0xc ./GPIO/GPIO.o
 .group         0x0000000000000000        0xc ./GPIO/GPIO.o
 .group         0x0000000000000000        0xc ./GPIO/GPIO.o
 .group         0x0000000000000000        0xc ./GPIO/GPIO.o
 .group         0x0000000000000000        0xc ./GPIO/GPIO.o
 .group         0x0000000000000000        0xc ./GPIO/GPIO.o
 .group         0x0000000000000000        0xc ./GPIO/GPIO.o
 .group         0x0000000000000000        0xc ./GPIO/GPIO.o
 .group         0x0000000000000000        0xc ./GPIO/GPIO.o
 .group         0x0000000000000000        0xc ./GPIO/GPIO.o
 .group         0x0000000000000000        0xc ./GPIO/GPIO.o
 .group         0x0000000000000000        0xc ./GPIO/GPIO.o
 .group         0x0000000000000000        0xc ./GPIO/GPIO.o
 .text          0x0000000000000000        0x0 ./GPIO/GPIO.o
 .data          0x0000000000000000        0x0 ./GPIO/GPIO.o
 .bss           0x0000000000000000        0x0 ./GPIO/GPIO.o
 .debug_macro   0x0000000000000000      0xaa8 ./GPIO/GPIO.o
 .debug_macro   0x0000000000000000       0x28 ./GPIO/GPIO.o
 .debug_macro   0x0000000000000000       0x22 ./GPIO/GPIO.o
 .debug_macro   0x0000000000000000       0x8e ./GPIO/GPIO.o
 .debug_macro   0x0000000000000000       0x51 ./GPIO/GPIO.o
 .debug_macro   0x0000000000000000      0x103 ./GPIO/GPIO.o
 .debug_macro   0x0000000000000000       0x6a ./GPIO/GPIO.o
 .debug_macro   0x0000000000000000      0x1df ./GPIO/GPIO.o
 .debug_macro   0x0000000000000000       0x1c ./GPIO/GPIO.o
 .debug_macro   0x0000000000000000       0x22 ./GPIO/GPIO.o
 .debug_macro   0x0000000000000000       0xdf ./GPIO/GPIO.o
 .debug_macro   0x0000000000000000     0x102d ./GPIO/GPIO.o
 .debug_macro   0x0000000000000000      0x11f ./GPIO/GPIO.o
 .debug_macro   0x0000000000000000     0xb86c ./GPIO/GPIO.o
 .debug_macro   0x0000000000000000       0x34 ./GPIO/GPIO.o
 .debug_macro   0x0000000000000000      0x136 ./GPIO/GPIO.o
 .group         0x0000000000000000        0xc ./test/test.o
 .text          0x0000000000000000        0x0 ./test/test.o
 .data          0x0000000000000000        0x0 ./test/test.o
 .bss           0x0000000000000000        0x0 ./test/test.o
 .debug_info    0x0000000000000000       0x21 ./test/test.o
 .debug_abbrev  0x0000000000000000       0x13 ./test/test.o
 .debug_aranges
                0x0000000000000000       0x18 ./test/test.o
 .debug_macro   0x0000000000000000       0x11 ./test/test.o
 .debug_macro   0x0000000000000000      0xaa8 ./test/test.o
 .debug_line    0x0000000000000000       0x2f ./test/test.o
 .debug_str     0x0000000000000000     0x2d85 ./test/test.o
 .comment       0x0000000000000000       0x54 ./test/test.o
 .ARM.attributes
                0x0000000000000000       0x39 ./test/test.o
 .text          0x0000000000000000        0x0 c:/st/stm32cubeide_1.7.0/stm32cubeide/plugins/com.st.stm32cube.ide.mcu.externaltools.gnu-tools-for-stm32.9-2020-q2-update.win32_2.0.0.202105311346/tools/bin/../lib/gcc/arm-none-eabi/9.3.1/../../../../arm-none-eabi/lib/thumb/v7e-m+fp/hard\libc_nano.a(lib_a-exit.o)
 .data          0x0000000000000000        0x0 c:/st/stm32cubeide_1.7.0/stm32cubeide/plugins/com.st.stm32cube.ide.mcu.externaltools.gnu-tools-for-stm32.9-2020-q2-update.win32_2.0.0.202105311346/tools/bin/../lib/gcc/arm-none-eabi/9.3.1/../../../../arm-none-eabi/lib/thumb/v7e-m+fp/hard\libc_nano.a(lib_a-exit.o)
 .bss           0x0000000000000000        0x0 c:/st/stm32cubeide_1.7.0/stm32cubeide/plugins/com.st.stm32cube.ide.mcu.externaltools.gnu-tools-for-stm32.9-2020-q2-update.win32_2.0.0.202105311346/tools/bin/../lib/gcc/arm-none-eabi/9.3.1/../../../../arm-none-eabi/lib/thumb/v7e-m+fp/hard\libc_nano.a(lib_a-exit.o)
 .text.exit     0x0000000000000000       0x28 c:/st/stm32cubeide_1.7.0/stm32cubeide/plugins/com.st.stm32cube.ide.mcu.externaltools.gnu-tools-for-stm32.9-2020-q2-update.win32_2.0.0.202105311346/tools/bin/../lib/gcc/arm-none-eabi/9.3.1/../../../../arm-none-eabi/lib/thumb/v7e-m+fp/hard\libc_nano.a(lib_a-exit.o)
 .debug_frame   0x0000000000000000       0x28 c:/st/stm32cubeide_1.7.0/stm32cubeide/plugins/com.st.stm32cube.ide.mcu.externaltools.gnu-tools-for-stm32.9-2020-q2-update.win32_2.0.0.202105311346/tools/bin/../lib/gcc/arm-none-eabi/9.3.1/../../../../arm-none-eabi/lib/thumb/v7e-m+fp/hard\libc_nano.a(lib_a-exit.o)
 .ARM.attributes
                0x0000000000000000       0x34 c:/st/stm32cubeide_1.7.0/stm32cubeide/plugins/com.st.stm32cube.ide.mcu.externaltools.gnu-tools-for-stm32.9-2020-q2-update.win32_2.0.0.202105311346/tools/bin/../lib/gcc/arm-none-eabi/9.3.1/../../../../arm-none-eabi/lib/thumb/v7e-m+fp/hard\libc_nano.a(lib_a-exit.o)
 .text          0x0000000000000000        0x0 c:/st/stm32cubeide_1.7.0/stm32cubeide/plugins/com.st.stm32cube.ide.mcu.externaltools.gnu-tools-for-stm32.9-2020-q2-update.win32_2.0.0.202105311346/tools/bin/../lib/gcc/arm-none-eabi/9.3.1/../../../../arm-none-eabi/lib/thumb/v7e-m+fp/hard\libc_nano.a(lib_a-impure.o)
 .data          0x0000000000000000        0x0 c:/st/stm32cubeide_1.7.0/stm32cubeide/plugins/com.st.stm32cube.ide.mcu.externaltools.gnu-tools-for-stm32.9-2020-q2-update.win32_2.0.0.202105311346/tools/bin/../lib/gcc/arm-none-eabi/9.3.1/../../../../arm-none-eabi/lib/thumb/v7e-m+fp/hard\libc_nano.a(lib_a-impure.o)
 .bss           0x0000000000000000        0x0 c:/st/stm32cubeide_1.7.0/stm32cubeide/plugins/com.st.stm32cube.ide.mcu.externaltools.gnu-tools-for-stm32.9-2020-q2-update.win32_2.0.0.202105311346/tools/bin/../lib/gcc/arm-none-eabi/9.3.1/../../../../arm-none-eabi/lib/thumb/v7e-m+fp/hard\libc_nano.a(lib_a-impure.o)
 .data._impure_ptr
                0x0000000000000000        0x4 c:/st/stm32cubeide_1.7.0/stm32cubeide/plugins/com.st.stm32cube.ide.mcu.externaltools.gnu-tools-for-stm32.9-2020-q2-update.win32_2.0.0.202105311346/tools/bin/../lib/gcc/arm-none-eabi/9.3.1/../../../../arm-none-eabi/lib/thumb/v7e-m+fp/hard\libc_nano.a(lib_a-impure.o)
 .data.impure_data
                0x0000000000000000       0x60 c:/st/stm32cubeide_1.7.0/stm32cubeide/plugins/com.st.stm32cube.ide.mcu.externaltools.gnu-tools-for-stm32.9-2020-q2-update.win32_2.0.0.202105311346/tools/bin/../lib/gcc/arm-none-eabi/9.3.1/../../../../arm-none-eabi/lib/thumb/v7e-m+fp/hard\libc_nano.a(lib_a-impure.o)
 .rodata._global_impure_ptr
                0x0000000000000000        0x4 c:/st/stm32cubeide_1.7.0/stm32cubeide/plugins/com.st.stm32cube.ide.mcu.externaltools.gnu-tools-for-stm32.9-2020-q2-update.win32_2.0.0.202105311346/tools/bin/../lib/gcc/arm-none-eabi/9.3.1/../../../../arm-none-eabi/lib/thumb/v7e-m+fp/hard\libc_nano.a(lib_a-impure.o)
 .ARM.attributes
                0x0000000000000000       0x32 c:/st/stm32cubeide_1.7.0/stm32cubeide/plugins/com.st.stm32cube.ide.mcu.externaltools.gnu-tools-for-stm32.9-2020-q2-update.win32_2.0.0.202105311346/tools/bin/../lib/gcc/arm-none-eabi/9.3.1/../../../../arm-none-eabi/lib/thumb/v7e-m+fp/hard\libc_nano.a(lib_a-impure.o)
 .text          0x0000000000000000        0x0 c:/st/stm32cubeide_1.7.0/stm32cubeide/plugins/com.st.stm32cube.ide.mcu.externaltools.gnu-tools-for-stm32.9-2020-q2-update.win32_2.0.0.202105311346/tools/bin/../lib/gcc/arm-none-eabi/9.3.1/../../../../arm-none-eabi/lib/thumb/v7e-m+fp/hard\libc_nano.a(lib_a-init.o)
 .data          0x0000000000000000        0x0 c:/st/stm32cubeide_1.7.0/stm32cubeide/plugins/com.st.stm32cube.ide.mcu.externaltools.gnu-tools-for-stm32.9-2020-q2-update.win32_2.0.0.202105311346/tools/bin/../lib/gcc/arm-none-eabi/9.3.1/../../../../arm-none-eabi/lib/thumb/v7e-m+fp/hard\libc_nano.a(lib_a-init.o)
 .bss           0x0000000000000000        0x0 c:/st/stm32cubeide_1.7.0/stm32cubeide/plugins/com.st.stm32cube.ide.mcu.externaltools.gnu-tools-for-stm32.9-2020-q2-update.win32_2.0.0.202105311346/tools/bin/../lib/gcc/arm-none-eabi/9.3.1/../../../../arm-none-eabi/lib/thumb/v7e-m+fp/hard\libc_nano.a(lib_a-init.o)
 .text          0x0000000000000000        0x0 c:/st/stm32cubeide_1.7.0/stm32cubeide/plugins/com.st.stm32cube.ide.mcu.externaltools.gnu-tools-for-stm32.9-2020-q2-update.win32_2.0.0.202105311346/tools/bin/../lib/gcc/arm-none-eabi/9.3.1/../../../../arm-none-eabi/lib/thumb/v7e-m+fp/hard\libc_nano.a(lib_a-memset.o)
 .data          0x0000000000000000        0x0 c:/st/stm32cubeide_1.7.0/stm32cubeide/plugins/com.st.stm32cube.ide.mcu.externaltools.gnu-tools-for-stm32.9-2020-q2-update.win32_2.0.0.202105311346/tools/bin/../lib/gcc/arm-none-eabi/9.3.1/../../../../arm-none-eabi/lib/thumb/v7e-m+fp/hard\libc_nano.a(lib_a-memset.o)
 .bss           0x0000000000000000        0x0 c:/st/stm32cubeide_1.7.0/stm32cubeide/plugins/com.st.stm32cube.ide.mcu.externaltools.gnu-tools-for-stm32.9-2020-q2-update.win32_2.0.0.202105311346/tools/bin/../lib/gcc/arm-none-eabi/9.3.1/../../../../arm-none-eabi/lib/thumb/v7e-m+fp/hard\libc_nano.a(lib_a-memset.o)
 .text.memset   0x0000000000000000       0x10 c:/st/stm32cubeide_1.7.0/stm32cubeide/plugins/com.st.stm32cube.ide.mcu.externaltools.gnu-tools-for-stm32.9-2020-q2-update.win32_2.0.0.202105311346/tools/bin/../lib/gcc/arm-none-eabi/9.3.1/../../../../arm-none-eabi/lib/thumb/v7e-m+fp/hard\libc_nano.a(lib_a-memset.o)
 .debug_frame   0x0000000000000000       0x20 c:/st/stm32cubeide_1.7.0/stm32cubeide/plugins/com.st.stm32cube.ide.mcu.externaltools.gnu-tools-for-stm32.9-2020-q2-update.win32_2.0.0.202105311346/tools/bin/../lib/gcc/arm-none-eabi/9.3.1/../../../../arm-none-eabi/lib/thumb/v7e-m+fp/hard\libc_nano.a(lib_a-memset.o)
 .ARM.attributes
                0x0000000000000000       0x34 c:/st/stm32cubeide_1.7.0/stm32cubeide/plugins/com.st.stm32cube.ide.mcu.externaltools.gnu-tools-for-stm32.9-2020-q2-update.win32_2.0.0.202105311346/tools/bin/../lib/gcc/arm-none-eabi/9.3.1/../../../../arm-none-eabi/lib/thumb/v7e-m+fp/hard\libc_nano.a(lib_a-memset.o)
 .text          0x0000000000000000        0x0 c:/st/stm32cubeide_1.7.0/stm32cubeide/plugins/com.st.stm32cube.ide.mcu.externaltools.gnu-tools-for-stm32.9-2020-q2-update.win32_2.0.0.202105311346/tools/bin/../lib/gcc/arm-none-eabi/9.3.1/../../../../arm-none-eabi/lib/thumb/v7e-m+fp/hard\libnosys.a(_exit.o)
 .data          0x0000000000000000        0x0 c:/st/stm32cubeide_1.7.0/stm32cubeide/plugins/com.st.stm32cube.ide.mcu.externaltools.gnu-tools-for-stm32.9-2020-q2-update.win32_2.0.0.202105311346/tools/bin/../lib/gcc/arm-none-eabi/9.3.1/../../../../arm-none-eabi/lib/thumb/v7e-m+fp/hard\libnosys.a(_exit.o)
 .bss           0x0000000000000000        0x0 c:/st/stm32cubeide_1.7.0/stm32cubeide/plugins/com.st.stm32cube.ide.mcu.externaltools.gnu-tools-for-stm32.9-2020-q2-update.win32_2.0.0.202105311346/tools/bin/../lib/gcc/arm-none-eabi/9.3.1/../../../../arm-none-eabi/lib/thumb/v7e-m+fp/hard\libnosys.a(_exit.o)
 .text._exit    0x0000000000000000        0x2 c:/st/stm32cubeide_1.7.0/stm32cubeide/plugins/com.st.stm32cube.ide.mcu.externaltools.gnu-tools-for-stm32.9-2020-q2-update.win32_2.0.0.202105311346/tools/bin/../lib/gcc/arm-none-eabi/9.3.1/../../../../arm-none-eabi/lib/thumb/v7e-m+fp/hard\libnosys.a(_exit.o)
 .debug_frame   0x0000000000000000       0x20 c:/st/stm32cubeide_1.7.0/stm32cubeide/plugins/com.st.stm32cube.ide.mcu.externaltools.gnu-tools-for-stm32.9-2020-q2-update.win32_2.0.0.202105311346/tools/bin/../lib/gcc/arm-none-eabi/9.3.1/../../../../arm-none-eabi/lib/thumb/v7e-m+fp/hard\libnosys.a(_exit.o)
 .ARM.attributes
                0x0000000000000000       0x34 c:/st/stm32cubeide_1.7.0/stm32cubeide/plugins/com.st.stm32cube.ide.mcu.externaltools.gnu-tools-for-stm32.9-2020-q2-update.win32_2.0.0.202105311346/tools/bin/../lib/gcc/arm-none-eabi/9.3.1/../../../../arm-none-eabi/lib/thumb/v7e-m+fp/hard\libnosys.a(_exit.o)
 .text          0x0000000000000000        0x0 c:/st/stm32cubeide_1.7.0/stm32cubeide/plugins/com.st.stm32cube.ide.mcu.externaltools.gnu-tools-for-stm32.9-2020-q2-update.win32_2.0.0.202105311346/tools/bin/../lib/gcc/arm-none-eabi/9.3.1/thumb/v7e-m+fp/hard/crtend.o
 .data          0x0000000000000000        0x0 c:/st/stm32cubeide_1.7.0/stm32cubeide/plugins/com.st.stm32cube.ide.mcu.externaltools.gnu-tools-for-stm32.9-2020-q2-update.win32_2.0.0.202105311346/tools/bin/../lib/gcc/arm-none-eabi/9.3.1/thumb/v7e-m+fp/hard/crtend.o
 .bss           0x0000000000000000        0x0 c:/st/stm32cubeide_1.7.0/stm32cubeide/plugins/com.st.stm32cube.ide.mcu.externaltools.gnu-tools-for-stm32.9-2020-q2-update.win32_2.0.0.202105311346/tools/bin/../lib/gcc/arm-none-eabi/9.3.1/thumb/v7e-m+fp/hard/crtend.o
 .eh_frame      0x0000000000000000        0x4 c:/st/stm32cubeide_1.7.0/stm32cubeide/plugins/com.st.stm32cube.ide.mcu.externaltools.gnu-tools-for-stm32.9-2020-q2-update.win32_2.0.0.202105311346/tools/bin/../lib/gcc/arm-none-eabi/9.3.1/thumb/v7e-m+fp/hard/crtend.o
 .ARM.attributes
                0x0000000000000000       0x32 c:/st/stm32cubeide_1.7.0/stm32cubeide/plugins/com.st.stm32cube.ide.mcu.externaltools.gnu-tools-for-stm32.9-2020-q2-update.win32_2.0.0.202105311346/tools/bin/../lib/gcc/arm-none-eabi/9.3.1/thumb/v7e-m+fp/hard/crtend.o
 .text          0x0000000000000000        0x0 c:/st/stm32cubeide_1.7.0/stm32cubeide/plugins/com.st.stm32cube.ide.mcu.externaltools.gnu-tools-for-stm32.9-2020-q2-update.win32_2.0.0.202105311346/tools/bin/../lib/gcc/arm-none-eabi/9.3.1/thumb/v7e-m+fp/hard/crtn.o
 .data          0x0000000000000000        0x0 c:/st/stm32cubeide_1.7.0/stm32cubeide/plugins/com.st.stm32cube.ide.mcu.externaltools.gnu-tools-for-stm32.9-2020-q2-update.win32_2.0.0.202105311346/tools/bin/../lib/gcc/arm-none-eabi/9.3.1/thumb/v7e-m+fp/hard/crtn.o
 .bss           0x0000000000000000        0x0 c:/st/stm32cubeide_1.7.0/stm32cubeide/plugins/com.st.stm32cube.ide.mcu.externaltools.gnu-tools-for-stm32.9-2020-q2-update.win32_2.0.0.202105311346/tools/bin/../lib/gcc/arm-none-eabi/9.3.1/thumb/v7e-m+fp/hard/crtn.o

Memory Configuration

Name             Origin             Length             Attributes
RAM              0x0000000020000000 0x0000000000010000 xrw
FLASH            0x0000000008000000 0x0000000000040000 xr
*default*        0x0000000000000000 0xffffffffffffffff

Linker script and memory map

LOAD c:/st/stm32cubeide_1.7.0/stm32cubeide/plugins/com.st.stm32cube.ide.mcu.externaltools.gnu-tools-for-stm32.9-2020-q2-update.win32_2.0.0.202105311346/tools/bin/../lib/gcc/arm-none-eabi/9.3.1/thumb/v7e-m+fp/hard/crti.o
LOAD c:/st/stm32cubeide_1.7.0/stm32cubeide/plugins/com.st.stm32cube.ide.mcu.externaltools.gnu-tools-for-stm32.9-2020-q2-update.win32_2.0.0.202105311346/tools/bin/../lib/gcc/arm-none-eabi/9.3.1/thumb/v7e-m+fp/hard/crtbegin.o
LOAD c:/st/stm32cubeide_1.7.0/stm32cubeide/plugins/com.st.stm32cube.ide.mcu.externaltools.gnu-tools-for-stm32.9-2020-q2-update.win32_2.0.0.202105311346/tools/bin/../lib/gcc/arm-none-eabi/9.3.1/../../../../arm-none-eabi/lib/thumb/v7e-m+fp/hard/crt0.o
LOAD ./Core/Src/main.o
LOAD ./Core/Src/system_stm32f4xx.o
LOAD ./Core/Startup/startup_stm32f401ccfx.o
LOAD ./GPIO/GPIO.o
LOAD ./test/test.o
START GROUP
LOAD c:/st/stm32cubeide_1.7.0/stm32cubeide/plugins/com.st.stm32cube.ide.mcu.externaltools.gnu-tools-for-stm32.9-2020-q2-update.win32_2.0.0.202105311346/tools/bin/../lib/gcc/arm-none-eabi/9.3.1/../../../../arm-none-eabi/lib/thumb/v7e-m+fp/hard\libc_nano.a
LOAD c:/st/stm32cubeide_1.7.0/stm32cubeide/plugins/com.st.stm32cube.ide.mcu.externaltools.gnu-tools-for-stm32.9-2020-q2-update.win32_2.0.0.202105311346/tools/bin/../lib/gcc/arm-none-eabi/9.3.1/../../../../arm-none-eabi/lib/thumb/v7e-m+fp/hard\libm.a
END GROUP
START GROUP
LOAD c:/st/stm32cubeide_1.7.0/stm32cubeide/plugins/com.st.stm32cube.ide.mcu.externaltools.gnu-tools-for-stm32.9-2020-q2-update.win32_2.0.0.202105311346/tools/bin/../lib/gcc/arm-none-eabi/9.3.1/thumb/v7e-m+fp/hard\libgcc.a
LOAD c:/st/stm32cubeide_1.7.0/stm32cubeide/plugins/com.st.stm32cube.ide.mcu.externaltools.gnu-tools-for-stm32.9-2020-q2-update.win32_2.0.0.202105311346/tools/bin/../lib/gcc/arm-none-eabi/9.3.1/../../../../arm-none-eabi/lib/thumb/v7e-m+fp/hard\libc_nano.a
END GROUP
START GROUP
LOAD c:/st/stm32cubeide_1.7.0/stm32cubeide/plugins/com.st.stm32cube.ide.mcu.externaltools.gnu-tools-for-stm32.9-2020-q2-update.win32_2.0.0.202105311346/tools/bin/../lib/gcc/arm-none-eabi/9.3.1/thumb/v7e-m+fp/hard\libgcc.a
LOAD c:/st/stm32cubeide_1.7.0/stm32cubeide/plugins/com.st.stm32cube.ide.mcu.externaltools.gnu-tools-for-stm32.9-2020-q2-update.win32_2.0.0.202105311346/tools/bin/../lib/gcc/arm-none-eabi/9.3.1/../../../../arm-none-eabi/lib/thumb/v7e-m+fp/hard\libc_nano.a
LOAD c:/st/stm32cubeide_1.7.0/stm32cubeide/plugins/com.st.stm32cube.ide.mcu.externaltools.gnu-tools-for-stm32.9-2020-q2-update.win32_2.0.0.202105311346/tools/bin/../lib/gcc/arm-none-eabi/9.3.1/../../../../arm-none-eabi/lib/thumb/v7e-m+fp/hard\libnosys.a
END GROUP
START GROUP
LOAD c:/st/stm32cubeide_1.7.0/stm32cubeide/plugins/com.st.stm32cube.ide.mcu.externaltools.gnu-tools-for-stm32.9-2020-q2-update.win32_2.0.0.202105311346/tools/bin/../lib/gcc/arm-none-eabi/9.3.1/thumb/v7e-m+fp/hard\libgcc.a
LOAD c:/st/stm32cubeide_1.7.0/stm32cubeide/plugins/com.st.stm32cube.ide.mcu.externaltools.gnu-tools-for-stm32.9-2020-q2-update.win32_2.0.0.202105311346/tools/bin/../lib/gcc/arm-none-eabi/9.3.1/../../../../arm-none-eabi/lib/thumb/v7e-m+fp/hard\libc_nano.a
LOAD c:/st/stm32cubeide_1.7.0/stm32cubeide/plugins/com.st.stm32cube.ide.mcu.externaltools.gnu-tools-for-stm32.9-2020-q2-update.win32_2.0.0.202105311346/tools/bin/../lib/gcc/arm-none-eabi/9.3.1/../../../../arm-none-eabi/lib/thumb/v7e-m+fp/hard\libnosys.a
END GROUP
LOAD c:/st/stm32cubeide_1.7.0/stm32cubeide/plugins/com.st.stm32cube.ide.mcu.externaltools.gnu-tools-for-stm32.9-2020-q2-update.win32_2.0.0.202105311346/tools/bin/../lib/gcc/arm-none-eabi/9.3.1/thumb/v7e-m+fp/hard/crtend.o
LOAD c:/st/stm32cubeide_1.7.0/stm32cubeide/plugins/com.st.stm32cube.ide.mcu.externaltools.gnu-tools-for-stm32.9-2020-q2-update.win32_2.0.0.202105311346/tools/bin/../lib/gcc/arm-none-eabi/9.3.1/thumb/v7e-m+fp/hard/crtn.o
                0x0000000020010000                _estack = (ORIGIN (RAM) + LENGTH (RAM))
                0x0000000000000200                _Min_Heap_Size = 0x200
                0x0000000000000400                _Min_Stack_Size = 0x400

.isr_vector     0x0000000008000000      0x194
                0x0000000008000000                . = ALIGN (0x4)
 *(.isr_vector)
 .isr_vector    0x0000000008000000      0x194 ./Core/Startup/startup_stm32f401ccfx.o
                0x0000000008000000                g_pfnVectors
                0x0000000008000194                . = ALIGN (0x4)

.text           0x0000000008000194      0x4f4
                0x0000000008000194                . = ALIGN (0x4)
 *(.text)
 .text          0x0000000008000194       0x40 c:/st/stm32cubeide_1.7.0/stm32cubeide/plugins/com.st.stm32cube.ide.mcu.externaltools.gnu-tools-for-stm32.9-2020-q2-update.win32_2.0.0.202105311346/tools/bin/../lib/gcc/arm-none-eabi/9.3.1/thumb/v7e-m+fp/hard/crtbegin.o
 *(.text*)
 .text.main     0x00000000080001d4       0xdc ./Core/Src/main.o
                0x00000000080001d4                main
 .text.SystemInit
                0x00000000080002b0       0x24 ./Core/Src/system_stm32f4xx.o
                0x00000000080002b0                SystemInit
 .text.Reset_Handler
                0x00000000080002d4       0x50 ./Core/Startup/startup_stm32f401ccfx.o
                0x00000000080002d4                Reset_Handler
 .text.Default_Handler
                0x0000000008000324        0x2 ./Core/Startup/startup_stm32f401ccfx.o
                0x0000000008000324                RTC_Alarm_IRQHandler
                0x0000000008000324                EXTI2_IRQHandler
                0x0000000008000324                DebugMon_Handler
                0x0000000008000324                SPI4_IRQHandler
                0x0000000008000324                TIM1_CC_IRQHandler
                0x0000000008000324                DMA2_Stream5_IRQHandler
                0x0000000008000324                HardFault_Handler
                0x0000000008000324                DMA1_Stream5_IRQHandler
                0x0000000008000324                SysTick_Handler
                0x0000000008000324                PVD_IRQHandler
                0x0000000008000324                SDIO_IRQHandler
                0x0000000008000324                TAMP_STAMP_IRQHandler
                0x0000000008000324                PendSV_Handler
                0x0000000008000324                NMI_Handler
                0x0000000008000324                EXTI3_IRQHandler
                0x0000000008000324                TIM1_UP_TIM10_IRQHandler
                0x0000000008000324                I2C3_ER_IRQHandler
                0x0000000008000324                EXTI0_IRQHandler
                0x0000000008000324                I2C2_EV_IRQHandler
                0x0000000008000324                DMA1_Stream2_IRQHandler
                0x0000000008000324                FPU_IRQHandler
                0x0000000008000324                UsageFault_Handler
                0x0000000008000324                DMA2_Stream2_IRQHandler
                0x0000000008000324                SPI1_IRQHandler
                0x0000000008000324                TIM1_BRK_TIM9_IRQHandler
                0x0000000008000324                DMA2_Stream3_IRQHandler
                0x0000000008000324                USART6_IRQHandler
                0x0000000008000324                DMA2_Stream0_IRQHandler
                0x0000000008000324                TIM4_IRQHandler
                0x0000000008000324                I2C1_EV_IRQHandler
                0x0000000008000324                DMA1_Stream6_IRQHandler
                0x0000000008000324                DMA1_Stream1_IRQHandler
                0x0000000008000324                TIM3_IRQHandler
                0x0000000008000324                RCC_IRQHandler
                0x0000000008000324                Default_Handler
                0x0000000008000324                EXTI15_10_IRQHandler
                0x0000000008000324                ADC_IRQHandler
                0x0000000008000324                DMA1_Stream7_IRQHandler
                0x0000000008000324                TIM5_IRQHandler
                0x0000000008000324                DMA2_Stream7_IRQHandler
                0x0000000008000324                I2C3_EV_IRQHandler
                0x0000000008000324                EXTI9_5_IRQHandler
                0x0000000008000324                RTC_WKUP_IRQHandler
                0x0000000008000324                SPI2_IRQHandler
                0x0000000008000324                MemManage_Handler
                0x0000000008000324                DMA1_Stream0_IRQHandler
                0x0000000008000324                SVC_Handler
                0x0000000008000324                EXTI4_IRQHandler
                0x0000000008000324                WWDG_IRQHandler
                0x0000000008000324                TIM2_IRQHandler
                0x0000000008000324                OTG_FS_WKUP_IRQHandler
                0x0000000008000324                TIM1_TRG_COM_TIM11_IRQHandler
                0x0000000008000324                EXTI1_IRQHandler
                0x0000000008000324                USART2_IRQHandler
                0x0000000008000324                I2C2_ER_IRQHandler
                0x0000000008000324                DMA2_Stream1_IRQHandler
                0x0000000008000324                FLASH_IRQHandler
                0x0000000008000324                DMA2_Stream4_IRQHandler
                0x0000000008000324                BusFault_Handler
                0x0000000008000324                USART1_IRQHandler
                0x0000000008000324                OTG_FS_IRQHandler
                0x0000000008000324                SPI3_IRQHandler
                0x0000000008000324                DMA1_Stream4_IRQHandler
                0x0000000008000324                I2C1_ER_IRQHandler
                0x0000000008000324                DMA2_Stream6_IRQHandler
                0x0000000008000324                DMA1_Stream3_IRQHandler
 *fill*         0x0000000008000326        0x2 
 .text.GPIO_Init
                0x0000000008000328      0x1c4 ./GPIO/GPIO.o
                0x0000000008000328                GPIO_Init
 .text.GPIO_WritePin
                0x00000000080004ec       0xe4 ./GPIO/GPIO.o
                0x00000000080004ec                GPIO_WritePin
 .text.GPIO_ReadPin
                0x00000000080005d0       0x58 ./GPIO/GPIO.o
                0x00000000080005d0                GPIO_ReadPin
 .text.__libc_init_array
                0x0000000008000628       0x48 c:/st/stm32cubeide_1.7.0/stm32cubeide/plugins/com.st.stm32cube.ide.mcu.externaltools.gnu-tools-for-stm32.9-2020-q2-update.win32_2.0.0.202105311346/tools/bin/../lib/gcc/arm-none-eabi/9.3.1/../../../../arm-none-eabi/lib/thumb/v7e-m+fp/hard\libc_nano.a(lib_a-init.o)
                0x0000000008000628                __libc_init_array
 *(.glue_7)
 .glue_7        0x0000000008000670        0x0 linker stubs
 *(.glue_7t)
 .glue_7t       0x0000000008000670        0x0 linker stubs
 *(.eh_frame)
 .eh_frame      0x0000000008000670        0x0 c:/st/stm32cubeide_1.7.0/stm32cubeide/plugins/com.st.stm32cube.ide.mcu.externaltools.gnu-tools-for-stm32.9-2020-q2-update.win32_2.0.0.202105311346/tools/bin/../lib/gcc/arm-none-eabi/9.3.1/thumb/v7e-m+fp/hard/crtbegin.o
 *(.init)
 .init          0x0000000008000670        0x4 c:/st/stm32cubeide_1.7.0/stm32cubeide/plugins/com.st.stm32cube.ide.mcu.externaltools.gnu-tools-for-stm32.9-2020-q2-update.win32_2.0.0.202105311346/tools/bin/../lib/gcc/arm-none-eabi/9.3.1/thumb/v7e-m+fp/hard/crti.o
                0x0000000008000670                _init
 .init          0x0000000008000674        0x8 c:/st/stm32cubeide_1.7.0/stm32cubeide/plugins/com.st.stm32cube.ide.mcu.externaltools.gnu-tools-for-stm32.9-2020-q2-update.win32_2.0.0.202105311346/tools/bin/../lib/gcc/arm-none-eabi/9.3.1/thumb/v7e-m+fp/hard/crtn.o
 *(.fini)
 .fini          0x000000000800067c        0x4 c:/st/stm32cubeide_1.7.0/stm32cubeide/plugins/com.st.stm32cube.ide.mcu.externaltools.gnu-tools-for-stm32.9-2020-q2-update.win32_2.0.0.202105311346/tools/bin/../lib/gcc/arm-none-eabi/9.3.1/thumb/v7e-m+fp/hard/crti.o
                0x000000000800067c                _fini
 .fini          0x0000000008000680        0x8 c:/st/stm32cubeide_1.7.0/stm32cubeide/plugins/com.st.stm32cube.ide.mcu.externaltools.gnu-tools-for-stm32.9-2020-q2-update.win32_2.0.0.202105311346/tools/bin/../lib/gcc/arm-none-eabi/9.3.1/thumb/v7e-m+fp/hard/crtn.o
                0x0000000008000688                . = ALIGN (0x4)
                0x0000000008000688                _etext = .

.vfp11_veneer   0x0000000008000688        0x0
 .vfp11_veneer  0x0000000008000688        0x0 linker stubs

.v4_bx          0x0000000008000688        0x0
 .v4_bx         0x0000000008000688        0x0 linker stubs

.iplt           0x0000000008000688        0x0
 .iplt          0x0000000008000688        0x0 c:/st/stm32cubeide_1.7.0/stm32cubeide/plugins/com.st.stm32cube.ide.mcu.externaltools.gnu-tools-for-stm32.9-2020-q2-update.win32_2.0.0.202105311346/tools/bin/../lib/gcc/arm-none-eabi/9.3.1/thumb/v7e-m+fp/hard/crtbegin.o

.rel.dyn        0x0000000008000688        0x0
 .rel.iplt      0x0000000008000688        0x0 c:/st/stm32cubeide_1.7.0/stm32cubeide/plugins/com.st.stm32cube.ide.mcu.externaltools.gnu-tools-for-stm32.9-2020-q2-update.win32_2.0.0.202105311346/tools/bin/../lib/gcc/arm-none-eabi/9.3.1/thumb/v7e-m+fp/hard/crtbegin.o

.rodata         0x0000000008000688        0x0
                0x0000000008000688                . = ALIGN (0x4)
 *(.rodata)
 *(.rodata*)
                0x0000000008000688                . = ALIGN (0x4)

.ARM.extab      0x0000000008000688        0x0
                0x0000000008000688                . = ALIGN (0x4)
 *(.ARM.extab* .gnu.linkonce.armextab.*)
                0x0000000008000688                . = ALIGN (0x4)

.ARM            0x0000000008000688        0x0
                0x0000000008000688                . = ALIGN (0x4)
                0x0000000008000688                __exidx_start = .
 *(.ARM.exidx*)
                0x0000000008000688                __exidx_end = .
                0x0000000008000688                . = ALIGN (0x4)

.preinit_array  0x0000000008000688        0x0
                0x0000000008000688                . = ALIGN (0x4)
                0x0000000008000688                PROVIDE (__preinit_array_start = .)
 *(.preinit_array*)
                0x0000000008000688                PROVIDE (__preinit_array_end = .)
                0x0000000008000688                . = ALIGN (0x4)

.init_array     0x0000000008000688        0x4
                0x0000000008000688                . = ALIGN (0x4)
                0x0000000008000688                PROVIDE (__init_array_start = .)
 *(SORT_BY_NAME(.init_array.*))
 *(.init_array*)
 .init_array    0x0000000008000688        0x4 c:/st/stm32cubeide_1.7.0/stm32cubeide/plugins/com.st.stm32cube.ide.mcu.externaltools.gnu-tools-for-stm32.9-2020-q2-update.win32_2.0.0.202105311346/tools/bin/../lib/gcc/arm-none-eabi/9.3.1/thumb/v7e-m+fp/hard/crtbegin.o
                0x000000000800068c                PROVIDE (__init_array_end = .)
                0x000000000800068c                . = ALIGN (0x4)

.fini_array     0x000000000800068c        0x4
                0x000000000800068c                . = ALIGN (0x4)
                [!provide]                        PROVIDE (__fini_array_start = .)
 *(SORT_BY_NAME(.fini_array.*))
 *(.fini_array*)
 .fini_array    0x000000000800068c        0x4 c:/st/stm32cubeide_1.7.0/stm32cubeide/plugins/com.st.stm32cube.ide.mcu.externaltools.gnu-tools-for-stm32.9-2020-q2-update.win32_2.0.0.202105311346/tools/bin/../lib/gcc/arm-none-eabi/9.3.1/thumb/v7e-m+fp/hard/crtbegin.o
                [!provide]                        PROVIDE (__fini_array_end = .)
                0x0000000008000690                . = ALIGN (0x4)
                0x0000000008000690                _sidata = LOADADDR (.data)

.data           0x0000000020000000        0x0 load address 0x0000000008000690
                0x0000000020000000                . = ALIGN (0x4)
                0x0000000020000000                _sdata = .
 *(.data)
 *(.data*)
 *(.RamFunc)
 *(.RamFunc*)
                0x0000000020000000                . = ALIGN (0x4)
                0x0000000020000000                _edata = .

.igot.plt       0x0000000020000000        0x0 load address 0x0000000008000690
 .igot.plt      0x0000000020000000        0x0 c:/st/stm32cubeide_1.7.0/stm32cubeide/plugins/com.st.stm32cube.ide.mcu.externaltools.gnu-tools-for-stm32.9-2020-q2-update.win32_2.0.0.202105311346/tools/bin/../lib/gcc/arm-none-eabi/9.3.1/thumb/v7e-m+fp/hard/crtbegin.o
                0x0000000020000000                . = ALIGN (0x4)

.bss            0x0000000020000000       0x1c load address 0x0000000008000690
                0x0000000020000000                _sbss = .
                0x0000000020000000                __bss_start__ = _sbss
 *(.bss)
 .bss           0x0000000020000000       0x1c c:/st/stm32cubeide_1.7.0/stm32cubeide/plugins/com.st.stm32cube.ide.mcu.externaltools.gnu-tools-for-stm32.9-2020-q2-update.win32_2.0.0.202105311346/tools/bin/../lib/gcc/arm-none-eabi/9.3.1/thumb/v7e-m+fp/hard/crtbegin.o
 *(.bss*)
 *(COMMON)
                0x000000002000001c                . = ALIGN (0x4)
                0x000000002000001c                _ebss = .
                0x000000002000001c                __bss_end__ = _ebss

._user_heap_stack
                0x000000002000001c      0x604 load address 0x0000000008000690
                0x0000000020000020                . = ALIGN (0x8)
 *fill*         0x000000002000001c        0x4 
                [!provide]                        PROVIDE (end = .)
                [!provide]                        PROVIDE (_end = .)
                0x0000000020000220                . = (. + _Min_Heap_Size)
 *fill*         0x0000000020000020      0x200 
                0x0000000020000620                . = (. + _Min_Stack_Size)
 *fill*         0x0000000020000220      0x400 
                0x0000000020000620                . = ALIGN (0x8)

/DISCARD/
 libc.a(*)
 libm.a(*)
 libgcc.a(*)

.ARM.attributes
                0x0000000000000000       0x30
 *(.ARM.attributes)
 .ARM.attributes
                0x0000000000000000       0x1e c:/st/stm32cubeide_1.7.0/stm32cubeide/plugins/com.st.stm32cube.ide.mcu.externaltools.gnu-tools-for-stm32.9-2020-q2-update.win32_2.0.0.202105311346/tools/bin/../lib/gcc/arm-none-eabi/9.3.1/thumb/v7e-m+fp/hard/crti.o
 .ARM.attributes
                0x000000000000001e       0x34 c:/st/stm32cubeide_1.7.0/stm32cubeide/plugins/com.st.stm32cube.ide.mcu.externaltools.gnu-tools-for-stm32.9-2020-q2-update.win32_2.0.0.202105311346/tools/bin/../lib/gcc/arm-none-eabi/9.3.1/thumb/v7e-m+fp/hard/crtbegin.o
 .ARM.attributes
                0x0000000000000052       0x34 ./Core/Src/main.o
 .ARM.attributes
                0x0000000000000086       0x34 ./Core/Src/system_stm32f4xx.o
 .ARM.attributes
                0x00000000000000ba       0x21 ./Core/Startup/startup_stm32f401ccfx.o
 .ARM.attributes
                0x00000000000000db       0x34 ./GPIO/GPIO.o
 .ARM.attributes
                0x000000000000010f       0x34 c:/st/stm32cubeide_1.7.0/stm32cubeide/plugins/com.st.stm32cube.ide.mcu.externaltools.gnu-tools-for-stm32.9-2020-q2-update.win32_2.0.0.202105311346/tools/bin/../lib/gcc/arm-none-eabi/9.3.1/../../../../arm-none-eabi/lib/thumb/v7e-m+fp/hard\libc_nano.a(lib_a-init.o)
 .ARM.attributes
                0x0000000000000143       0x1e c:/st/stm32cubeide_1.7.0/stm32cubeide/plugins/com.st.stm32cube.ide.mcu.externaltools.gnu-tools-for-stm32.9-2020-q2-update.win32_2.0.0.202105311346/tools/bin/../lib/gcc/arm-none-eabi/9.3.1/thumb/v7e-m+fp/hard/crtn.o
OUTPUT(Task_3.elf elf32-littlearm)
LOAD linker stubs
LOAD c:/st/stm32cubeide_1.7.0/stm32cubeide/plugins/com.st.stm32cube.ide.mcu.externaltools.gnu-tools-for-stm32.9-2020-q2-update.win32_2.0.0.202105311346/tools/bin/../lib/gcc/arm-none-eabi/9.3.1/../../../../arm-none-eabi/lib/thumb/v7e-m+fp/hard\libc.a
LOAD c:/st/stm32cubeide_1.7.0/stm32cubeide/plugins/com.st.stm32cube.ide.mcu.externaltools.gnu-tools-for-stm32.9-2020-q2-update.win32_2.0.0.202105311346/tools/bin/../lib/gcc/arm-none-eabi/9.3.1/../../../../arm-none-eabi/lib/thumb/v7e-m+fp/hard\libm.a
LOAD c:/st/stm32cubeide_1.7.0/stm32cubeide/plugins/com.st.stm32cube.ide.mcu.externaltools.gnu-tools-for-stm32.9-2020-q2-update.win32_2.0.0.202105311346/tools/bin/../lib/gcc/arm-none-eabi/9.3.1/thumb/v7e-m+fp/hard\libgcc.a

.debug_info     0x0000000000000000      0xca6
 .debug_info    0x0000000000000000      0x259 ./Core/Src/main.o
 .debug_info    0x0000000000000259      0x572 ./Core/Src/system_stm32f4xx.o
 .debug_info    0x00000000000007cb       0x22 ./Core/Startup/startup_stm32f401ccfx.o
 .debug_info    0x00000000000007ed      0x4b9 ./GPIO/GPIO.o

.debug_abbrev   0x0000000000000000      0x36b
 .debug_abbrev  0x0000000000000000      0x114 ./Core/Src/main.o
 .debug_abbrev  0x0000000000000114      0x129 ./Core/Src/system_stm32f4xx.o
 .debug_abbrev  0x000000000000023d       0x12 ./Core/Startup/startup_stm32f401ccfx.o
 .debug_abbrev  0x000000000000024f      0x11c ./GPIO/GPIO.o

.debug_aranges  0x0000000000000000       0xa0
 .debug_aranges
                0x0000000000000000       0x20 ./Core/Src/main.o
 .debug_aranges
                0x0000000000000020       0x28 ./Core/Src/system_stm32f4xx.o
 .debug_aranges
                0x0000000000000048       0x28 ./Core/Startup/startup_stm32f401ccfx.o
 .debug_aranges
                0x0000000000000070       0x30 ./GPIO/GPIO.o

.debug_ranges   0x0000000000000000       0x68
 .debug_ranges  0x0000000000000000       0x10 ./Core/Src/main.o
 .debug_ranges  0x0000000000000010       0x18 ./Core/Src/system_stm32f4xx.o
 .debug_ranges  0x0000000000000028       0x20 ./Core/Startup/startup_stm32f401ccfx.o
 .debug_ranges  0x0000000000000048       0x20 ./GPIO/GPIO.o

.debug_macro    0x0000000000000000     0xde85
 .debug_macro   0x0000000000000000       0xdd ./Core/Src/main.o
 .debug_macro   0x00000000000000dd      0xaa8 ./Core/Src/main.o
 .debug_macro   0x0000000000000b85       0x28 ./Core/Src/main.o
 .debug_macro   0x0000000000000bad       0x22 ./Core/Src/main.o
 .debug_macro   0x0000000000000bcf       0x8e ./Core/Src/main.o
 .debug_macro   0x0000000000000c5d       0x51 ./Core/Src/main.o
 .debug_macro   0x0000000000000cae      0x103 ./Core/Src/main.o
 .debug_macro   0x0000000000000db1       0x6a ./Core/Src/main.o
 .debug_macro   0x0000000000000e1b      0x1df ./Core/Src/main.o
 .debug_macro   0x0000000000000ffa       0x1c ./Core/Src/main.o
 .debug_macro   0x0000000000001016       0x22 ./Core/Src/main.o
 .debug_macro   0x0000000000001038       0xdf ./Core/Src/main.o
 .debug_macro   0x0000000000001117     0x102d ./Core/Src/main.o
 .debug_macro   0x0000000000002144      0x11f ./Core/Src/main.o
 .debug_macro   0x0000000000002263     0xb86c ./Core/Src/main.o
 .debug_macro   0x000000000000dacf       0x34 ./Core/Src/main.o
 .debug_macro   0x000000000000db03      0x136 ./Core/Src/main.o
 .debug_macro   0x000000000000dc39       0xda ./Core/Src/system_stm32f4xx.o
 .debug_macro   0x000000000000dd13       0x2e ./Core/Src/system_stm32f4xx.o
 .debug_macro   0x000000000000dd41       0x6d ./Core/Src/system_stm32f4xx.o
 .debug_macro   0x000000000000ddae       0xd7 ./GPIO/GPIO.o

.debug_line     0x0000000000000000     0x1083
 .debug_line    0x0000000000000000      0x4fa ./Core/Src/main.o
 .debug_line    0x00000000000004fa      0x4f2 ./Core/Src/system_stm32f4xx.o
 .debug_line    0x00000000000009ec       0x88 ./Core/Startup/startup_stm32f401ccfx.o
 .debug_line    0x0000000000000a74      0x60f ./GPIO/GPIO.o

.debug_str      0x0000000000000000    0x4fc6e
 .debug_str     0x0000000000000000    0x4f2b1 ./Core/Src/main.o
                                      0x4f425 (size before relaxing)
 .debug_str     0x000000000004f2b1      0x920 ./Core/Src/system_stm32f4xx.o
                                      0x4f6ae (size before relaxing)
 .debug_str     0x000000000004fbd1       0x36 ./Core/Startup/startup_stm32f401ccfx.o
                                         0x46 (size before relaxing)
 .debug_str     0x000000000004fc07       0x67 ./GPIO/GPIO.o
                                      0x4f54a (size before relaxing)

.comment        0x0000000000000000       0x53
 .comment       0x0000000000000000       0x53 ./Core/Src/main.o
                                         0x54 (size before relaxing)
 .comment       0x0000000000000053       0x54 ./Core/Src/system_stm32f4xx.o
 .comment       0x0000000000000053       0x54 ./GPIO/GPIO.o

.debug_frame    0x0000000000000000      0x13c
 .debug_frame   0x0000000000000000       0x30 ./Core/Src/main.o
 .debug_frame   0x0000000000000030       0x58 ./Core/Src/system_stm32f4xx.o
 .debug_frame   0x0000000000000088       0x88 ./GPIO/GPIO.o
 .debug_frame   0x0000000000000110       0x2c c:/st/stm32cubeide_1.7.0/stm32cubeide/plugins/com.st.stm32cube.ide.mcu.externaltools.gnu-tools-for-stm32.9-2020-q2-update.win32_2.0.0.202105311346/tools/bin/../lib/gcc/arm-none-eabi/9.3.1/../../../../arm-none-eabi/lib/thumb/v7e-m+fp/hard\libc_nano.a(lib_a-init.o)
